95.81.118.56 - - [22/Jan/2019:03:59:28 +0330] "GET /image/64709/productModel/100x100 HTTP/1.1" 200 2302 "https://www.zanbil.ir/filter/b1,p62" "Mozilla/5.0 (Windows NT 6.1; Win64; x64) AppleWebKit/537.36 (KHTML, like Gecko) Chrome/71.0.3578.98 Safari/537.36" "-"
95.81.118.56 - - [22/Jan/2019:03:59:28 +0330] "GET /image/64746/productModel/100x100 HTTP/1.1" 200 1990 "https://www.zanbil.ir/filter/b1,p62" "Mozilla/5.0 (Windows NT 6.1; Win64; x64) AppleWebKit/537.36 (KHTML, like Gecko) Chrome/71.0.3578.98 Safari/537.36" "-"
95.81.118.56 - - [22/Jan/2019:03:59:28 +0330] "GET /image/64757/productModel/100x100 HTTP/1.1" 200 2402 "https://www.zanbil.ir/filter/b1,p62" "Mozilla/5.0 (Windows NT 6.1; Win64; x64) AppleWebKit/537.36 (KHTML, like Gecko) Chrome/71.0.3578.98 Safari/537.36" "-"
95.81.118.56 - - [22/Jan/2019:03:59:28 +0330] "GET /image/64784/productModel/100x100 HTTP/1.1" 200 2247 "https://www.zanbil.ir/filter/b1,p62" "Mozilla/5.0 (Windows NT 6.1; Win64; x64) AppleWebKit/537.36 (KHTML, like Gecko) Chrome/71.0.3578.98 Safari/537.36" "-"
95.81.118.56 - - [22/Jan/2019:03:59:28 +0330] "GET /image/65269/productModel/100x100 HTTP/1.1" 200 2411 "https://www.zanbil.ir/filter/b1,p62" "Mozilla/5.0 (Windows NT 6.1; Win64; x64) AppleWebKit/537.36 (KHTML, like Gecko) Chrome/71.0.3578.98 Safari/537.36" "-"
95.81.118.56 - - [22/Jan/2019:03:59:28 +0330] "GET /image/65272/productModel/100x100 HTTP/1.1" 200 1911 "https://www.zanbil.ir/filter/b1,p62" "Mozilla/5.0 (Windows NT 6.1; Win64; x64) AppleWebKit/537.36 (KHTML, like Gecko) Chrome/71.0.3578.98 Safari/537.36" "-"
95.81.118.56 - - [22/Jan/2019:03:59:28 +0330] "GET /image/65274/productModel/100x100 HTTP/1.1" 200 2103 "https://www.zanbil.ir/filter/b1,p62" "Mozilla/5.0 (Windows NT 6.1; Win64; x64) AppleWebKit/537.36 (KHTML, like Gecko) Chrome/71.0.3578.98 Safari/537.36" "-"
66.249.66.91 - - [22/Jan/2019:03:59:28 +0330] "GET /filter/b874%2Cb32%2Cb63%2Cb99%2Cb126%2Cb820%2Cb249%2Cb3%2Cb148%2Cb724%2Cb613%2Cb183%2Cb213%2Cb484%2Cb224%2Cb734%2Cb20%2Cb95%2Cb542%2Cb212%2Cb485%2Cb523%2Cb118%2Cb186%2Cb67?page=7 HTTP/1.1" 200 39753 "-" "Mozilla/5.0 (compatible; Googlebot/2.1; +http://www.google.com/bot.html)" "-"
95.81.118.56 - - [22/Jan/2019:03:59:28 +0330] "GET /image/1180/article/100x100 HTTP/1.1" 200 19126 "https://www.zanbil.ir/filter/b1,p62" "Mozilla/5.0 (Windows NT 6.1; Win64; x64) AppleWebKit/537.36 (KHTML, like Gecko) Chrome/71.0.3578.98 Safari/537.36" "-"
95.81.118.56 - - [22/Jan/2019:03:59:28 +0330] "GET /image/1141/article/100x100 HTTP/1.1" 200 12789 "https://www.zanbil.ir/filter/b1,p62" "Mozilla/5.0 (Windows NT 6.1; Win64; x64) AppleWebKit/537.36 (KHTML, like Gecko) Chrome/71.0.3578.98 Safari/537.36" "-"
95.81.118.56 - - [22/Jan/2019:03:59:28 +0330] "GET /image/1123/article/100x100 HTTP/1.1" 200 10179 "https://www.zanbil.ir/filter/b1,p62" "Mozilla/5.0 (Windows NT 6.1; Win64; x64) AppleWebKit/537.36 (KHTML, like Gecko) Chrome/71.0.3578.98 Safari/537.36" "-"
95.81.118.56 - - [22/Jan/2019:03:59:28 +0330] "GET /image/584/article/100x100 HTTP/1.1" 200 10692 "https://www.zanbil.ir/filter/b1,p62" "Mozilla/5.0 (Windows NT 6.1; Win64; x64) AppleWebKit/537.36 (KHTML, like Gecko) Chrome/71.0.3578.98 Safari/537.36" "-"
130.185.74.243 - - [22/Jan/2019:03:59:28 +0330] "GET /filter/stexists,p8391,b195?page=1 HTTP/1.1" 200 31013 "-" "Mozilla/5.0 (Windows NT 6.1; rv:42.0) Gecko/20100101 Firefox/42.0" "-"
5.211.97.39 - - [22/Jan/2019:03:59:29 +0330] "GET /image/63504/productModel/200x200 HTTP/1.1" 200 3286 "https://www.zanbil.ir/m/browse/electric-masher/%DA%AF%D9%88%D8%B4%D8%AA-%DA%A9%D9%88%D8%A8-%D8%A8%D8%B1%D9%82%DB%8C" "Mozilla/5.0 (iPhone; CPU iPhone OS 10_3_2 like Mac OS X) AppleWebKit/603.2.4 (KHTML, like Gecko) Version/10.0 Mobile/14F89 Safari/602.1" "-"
95.81.118.56 - - [22/Jan/2019:03:59:29 +0330] "GET /static/images/amp/instagram.png HTTP/1.1" 200 7146 "https://www.zanbil.ir/filter/b1,p62" "Mozilla/5.0 (Windows NT 6.1; Win64; x64) AppleWebKit/537.36 (KHTML, like Gecko) Chrome/71.0.3578.98 Safari/537.36" "-"
95.81.118.56 - - [22/Jan/2019:03:59:29 +0330] "GET /static/images/amp/telegram.png HTTP/1.1" 200 4859 "https://www.zanbil.ir/filter/b1,p62" "Mozilla/5.0 (Windows NT 6.1; Win64; x64) AppleWebKit/537.36 (KHTML, like Gecko) Chrome/71.0.3578.98 Safari/537.36" "-"
5.211.97.39 - - [22/Jan/2019:03:59:29 +0330] "GET /image/60731/productModel/200x200 HTTP/1.1" 200 3676 "https://www.zanbil.ir/m/browse/electric-masher/%DA%AF%D9%88%D8%B4%D8%AA-%DA%A9%D9%88%D8%A8-%D8%A8%D8%B1%D9%82%DB%8C" "Mozilla/5.0 (iPhone; CPU iPhone OS 10_3_2 like Mac OS X) AppleWebKit/603.2.4 (KHTML, like Gecko) Version/10.0 Mobile/14F89 Safari/602.1" "-"
5.115.54.117 - - [22/Jan/2019:03:59:29 +0330] "GET /static/images/amp/telegram.png HTTP/1.1" 200 4859 "https://www.zanbil.ir/m/browse/fryer/%D8%B3%D8%B1%D8%AE-%DA%A9%D9%86" "Mozilla/5.0 (Android 8.0.0; Mobile; rv:62.0) Gecko/62.0 Firefox/62.0" "-"
5.115.54.117 - - [22/Jan/2019:03:59:29 +0330] "GET /static/images/amp/instagram.png HTTP/1.1" 200 7146 "https://www.zanbil.ir/m/browse/fryer/%D8%B3%D8%B1%D8%AE-%DA%A9%D9%86" "Mozilla/5.0 (Android 8.0.0; Mobile; rv:62.0) Gecko/62.0 Firefox/62.0" "-"
5.115.54.117 - - [22/Jan/2019:03:59:29 +0330] "GET /static/images/amp/blog.png HTTP/1.1" 200 3863 "https://www.zanbil.ir/m/browse/fryer/%D8%B3%D8%B1%D8%AE-%DA%A9%D9%86" "Mozilla/5.0 (Android 8.0.0; Mobile; rv:62.0) Gecko/62.0 Firefox/62.0" "-"
95.81.118.56 - - [22/Jan/2019:03:59:29 +0330] "GET /static/images/third-party/footer.png HTTP/1.1" 200 56076 "https://www.zanbil.ir/filter/b1,p62" "Mozilla/5.0 (Windows NT 6.1; Win64; x64) AppleWebKit/537.36 (KHTML, like Gecko) Chrome/71.0.3578.98 Safari/537.36" "-"
95.81.118.56 - - [22/Jan/2019:03:59:29 +0330] "GET /static/images/amp/blog.png HTTP/1.1" 200 3863 "https://www.zanbil.ir/filter/b1,p62" "Mozilla/5.0 (Windows NT 6.1; Win64; x64) AppleWebKit/537.36 (KHTML, like Gecko) Chrome/71.0.3578.98 Safari/537.36" "-"
95.81.118.56 - - [22/Jan/2019:03:59:29 +0330] "GET /static/images/not-checked.png HTTP/1.1" 200 713 "https://znbl.ir/static/bundle-bundle_site_head.css" "Mozilla/5.0 (Windows NT 6.1; Win64; x64) AppleWebKit/537.36 (KHTML, like Gecko) Chrome/71.0.3578.98 Safari/537.36" "-"
95.81.118.56 - - [22/Jan/2019:03:59:29 +0330] "GET /static/images/filter-arrow-down.png HTTP/1.1" 200 1205 "https://znbl.ir/static/bundle-bundle_site_head.css" "Mozilla/5.0 (Windows NT 6.1; Win64; x64) AppleWebKit/537.36 (KHTML, like Gecko) Chrome/71.0.3578.98 Safari/537.36" "-"
5.115.54.117 - - [22/Jan/2019:03:59:29 +0330] "GET /static/images/amp/third-party/footer-mobile.png HTTP/1.1" 200 62894 "https://www.zanbil.ir/m/browse/fryer/%D8%B3%D8%B1%D8%AE-%DA%A9%D9%86" "Mozilla/5.0 (Android 8.0.0; Mobile; rv:62.0) Gecko/62.0 Firefox/62.0" "-"
95.81.118.56 - - [22/Jan/2019:03:59:29 +0330] "GET /static/images/checked.png HTTP/1.1" 200 1083 "https://znbl.ir/static/bundle-bundle_site_head.css" "Mozilla/5.0 (Windows NT 6.1; Win64; x64) AppleWebKit/537.36 (KHTML, like Gecko) Chrome/71.0.3578.98 Safari/537.36" "-"
95.81.118.56 - - [22/Jan/2019:03:59:29 +0330] "GET /static/images/prev.png HTTP/1.1" 200 3032 "https://znbl.ir/static/bundle-bundle_site_head.css" "Mozilla/5.0 (Windows NT 6.1; Win64; x64) AppleWebKit/537.36 (KHTML, like Gecko) Chrome/71.0.3578.98 Safari/537.36" "-"
95.81.118.56 - - [22/Jan/2019:03:59:29 +0330] "GET /static/plugins/rapid-grails-0.1/bootstrap/img/glyphicons-halflings.png HTTP/1.1" 200 12625 "https://znbl.ir/static/bundle-bundle_site_head.css" "Mozilla/5.0 (Windows NT 6.1; Win64; x64) AppleWebKit/537.36 (KHTML, like Gecko) Chrome/71.0.3578.98 Safari/537.36" "-"
95.81.118.56 - - [22/Jan/2019:03:59:29 +0330] "GET /static/images/next.png HTTP/1.1" 200 3045 "https://znbl.ir/static/bundle-bundle_site_head.css" "Mozilla/5.0 (Windows NT 6.1; Win64; x64) AppleWebKit/537.36 (KHTML, like Gecko) Chrome/71.0.3578.98 Safari/537.36" "-"
95.81.118.56 - - [22/Jan/2019:03:59:29 +0330] "GET /static/images/jslider.red.png HTTP/1.1" 200 1777 "https://znbl.ir/static/bundle-bundle_site_head.css" "Mozilla/5.0 (Windows NT 6.1; Win64; x64) AppleWebKit/537.36 (KHTML, like Gecko) Chrome/71.0.3578.98 Safari/537.36" "-"
95.81.118.56 - - [22/Jan/2019:03:59:29 +0330] "GET /static/images/favicon.ico HTTP/1.1" 200 152 "https://www.zanbil.ir/filter/b1,p62" "Mozilla/5.0 (Windows NT 6.1; Win64; x64) AppleWebKit/537.36 (KHTML, like Gecko) Chrome/71.0.3578.98 Safari/537.36" "-"
66.249.66.194 - - [22/Jan/2019:03:59:30 +0330] "GET /m/filter/b130,b36,p4510 HTTP/1.1" 200 18980 "-" "Mozilla/5.0 (Linux; Android 6.0.1; Nexus 5X Build/MMB29P) AppleWebKit/537.36 (KHTML, like Gecko) Chrome/41.0.2272.96 Mobile Safari/537.36 (compatible; Googlebot/2.1; +http://www.google.com/bot.html)" "-"
95.81.118.56 - - [22/Jan/2019:03:59:30 +0330] "GET /manifest.json HTTP/1.1" 200 110 "https://www.zanbil.ir/filter/b1,p62" "Mozilla/5.0 (Windows NT 6.1; Win64; x64) AppleWebKit/537.36 (KHTML, like Gecko) Chrome/71.0.3578.98 Safari/537.36" "-"
5.123.232.17 - - [22/Jan/2019:03:59:30 +0330] "GET /image/11947?name=11947-1-fw.jpg&wh=200x200 HTTP/1.1" 200 4167 "-" "Dalvik/2.1.0 (Linux; U; Android 5.0.2; SM-A300H Build/LRX22G)" "-"
207.46.13.136 - - [22/Jan/2019:03:59:30 +0330] "GET /filter/b1%2Cb176%2Cb293%2Cb36%2Cb614%2Cb880 HTTP/1.1" 200 37996 "-" "Mozilla/5.0 (compatible; bingbot/2.0; +http://www.bing.com/bingbot.htm)" "-"
130.185.74.243 - - [22/Jan/2019:03:59:30 +0330] "GET /filter/stexists,p8391,b195?page=2 HTTP/1.1" 200 31013 "-" "Mozilla/5.0 (Windows NT 6.1; rv:42.0) Gecko/20100101 Firefox/42.0" "-"
2.185.221.79 - - [22/Jan/2019:03:59:31 +0330] "GET /image/33888?name=model-b2048u-1-.jpg&wh=200x200 HTTP/1.1" 200 3975 "-" "Dalvik/2.1.0 (Linux; U; Android 5.1.1; SM-E700H Build/LMY47X)" "-"
66.249.66.194 - - [22/Jan/2019:03:59:31 +0330] "GET /product/8875?model=11397 HTTP/1.1" 404 33630 "-" "Mozilla/5.0 (compatible; Googlebot/2.1; +http://www.google.com/bot.html)" "-"
66.249.66.91 - - [22/Jan/2019:03:59:31 +0330] "GET /filter/b874%2Cb32%2Cb63%2Cb99%2Cb126%2Cb820%2Cb249%2Cb3%2Cb148%2Cb724%2Cb613%2Cb183%2Cb213%2Cb484%2Cb224%2Cb734%2Cb20%2Cb95%2Cb542%2Cb212%2Cb485%2Cb523%2Cb221%2Cb186%2Cb67?page=7 HTTP/1.1" 200 39646 "-" "Mozilla/5.0 (compatible; Googlebot/2.1; +http://www.google.com/bot.html)" "-"
91.99.72.15 - - [22/Jan/2019:03:59:31 +0330] "GET /product/15824?model=29891 HTTP/1.1" 200 40706 "-" "Mozilla/5.0 (Macintosh; Intel Mac OS X 10_7_3) AppleWebKit/534.55.3 (KHTML, like Gecko) Version/5.1.3 Safari/534.53.10" "-"
54.36.148.29 - - [22/Jan/2019:03:59:32 +0330] "GET /filter/b231%2Cp1%2Cb2 HTTP/1.1" 200 38087 "-" "Mozilla/5.0 (compatible; AhrefsBot/6.1; +http://ahrefs.com/robot/)" "-"
130.185.74.243 - - [22/Jan/2019:03:59:32 +0330] "GET /filter/stexists,p8391,b195?page=3 HTTP/1.1" 200 31013 "-" "Mozilla/5.0 (Windows NT 6.1; rv:42.0) Gecko/20100101 Firefox/42.0" "-"
31.56.96.51 - - [22/Jan/2019:03:59:32 +0330] "POST /comparison/add?__amp_source_origin=https%3A%2F%2Fwww.zanbil.ir HTTP/1.1" 200 51 "https://www.zanbil.ir/m/product/28821/57721/%DA%AF%D9%88%D8%B4%DB%8C-%D9%85%D9%88%D8%A8%D8%A7%DB%8C%D9%84-%D8%A7%D9%BE%D9%84-%D9%85%D8%AF%D9%84-iPhone-7-128GB" "Mozilla/5.0 (Linux; Android 6.0; ALE-L21 Build/HuaweiALE-L21) AppleWebKit/537.36 (KHTML, like Gecko) Chrome/66.0.3359.158 Mobile Safari/537.36" "-"
17.58.102.43 - - [22/Jan/2019:03:59:32 +0330] "GET /filter/b571%2Cb288%2Cb70%2Cb35%2Cb87%2Cb418%2Cb430%2Cb285%2Cb550%2Cb655%2Cb2 HTTP/1.1" 200 38028 "-" "Mozilla/5.0 (Macintosh; Intel Mac OS X 10_10_1) AppleWebKit/600.2.5 (KHTML, like Gecko) Version/8.0.2 Safari/600.2.5 (Applebot/0.1; +http://www.apple.com/go/applebot)" "-"
207.46.13.136 - - [22/Jan/2019:03:59:32 +0330] "GET /filter/b57%2Cb14%2Cb139%2Cb442 HTTP/1.1" 200 36384 "-" "Mozilla/5.0 (compatible; bingbot/2.0; +http://www.bing.com/bingbot.htm)" "-"
5.211.97.39 - - [22/Jan/2019:03:59:33 +0330] "GET /m/filter/p8946%2Cb103 HTTP/1.1" 200 18401 "https://www.zanbil.ir/m/browse/electric-masher/%DA%AF%D9%88%D8%B4%D8%AA-%DA%A9%D9%88%D8%A8-%D8%A8%D8%B1%D9%82%DB%8C" "Mozilla/5.0 (iPhone; CPU iPhone OS 10_3_2 like Mac OS X) AppleWebKit/603.2.4 (KHTML, like Gecko) Version/10.0 Mobile/14F89 Safari/602.1" "-"
54.36.148.65 - - [22/Jan/2019:03:59:33 +0330] "GET /product/28190/72219 HTTP/1.1" 200 43190 "-" "Mozilla/5.0 (compatible; AhrefsBot/6.1; +http://ahrefs.com/robot/)" "-"
5.211.97.39 - - [22/Jan/2019:03:59:33 +0330] "GET /settings/logo HTTP/1.1" 200 4120 "https://www.zanbil.ir/m/filter/p8946%2Cb103" "Mozilla/5.0 (iPhone; CPU iPhone OS 10_3_2 like Mac OS X) AppleWebKit/603.2.4 (KHTML, like Gecko) Version/10.0 Mobile/14F89 Safari/602.1" "-"
5.211.97.39 - - [22/Jan/2019:03:59:33 +0330] "GET /image/62365/productModel/200x200 HTTP/1.1" 200 4966 "https://www.zanbil.ir/m/filter/p8946%2Cb103" "Mozilla/5.0 (iPhone; CPU iPhone OS 10_3_2 like Mac OS X) AppleWebKit/603.2.4 (KHTML, like Gecko) Version/10.0 Mobile/14F89 Safari/602.1" "-"
5.211.97.39 - - [22/Jan/2019:03:59:33 +0330] "GET /image/52310/productModel/200x200 HTTP/1.1" 200 4942 "https://www.zanbil.ir/m/filter/p8946%2Cb103" "Mozilla/5.0 (iPhone; CPU iPhone OS 10_3_2 like Mac OS X) AppleWebKit/603.2.4 (KHTML, like Gecko) Version/10.0 Mobile/14F89 Safari/602.1" "-"
5.211.97.39 - - [22/Jan/2019:03:59:33 +0330] "GET /image/62386/productModel/200x200 HTTP/1.1" 200 2960 "https://www.zanbil.ir/m/filter/p8946%2Cb103" "Mozilla/5.0 (iPhone; CPU iPhone OS 10_3_2 like Mac OS X) AppleWebKit/603.2.4 (KHTML, like Gecko) Version/10.0 Mobile/14F89 Safari/602.1" "-"
5.211.97.39 - - [22/Jan/2019:03:59:33 +0330] "GET /image/62364/productModel/200x200 HTTP/1.1" 200 4935 "https://www.zanbil.ir/m/filter/p8946%2Cb103" "Mozilla/5.0 (iPhone; CPU iPhone OS 10_3_2 like Mac OS X) AppleWebKit/603.2.4 (KHTML, like Gecko) Version/10.0 Mobile/14F89 Safari/602.1" "-"
5.211.97.39 - - [22/Jan/2019:03:59:33 +0330] "HEAD /amp_preconnect_polyfill_404_or_other_error_expected._Do_not_worry_about_it?1548117180000 HTTP/1.1" 404 0 "https://www.zanbil.ir/m/filter/p8946%2Cb103" "Mozilla/5.0 (iPhone; CPU iPhone OS 10_3_2 like Mac OS X) AppleWebKit/603.2.4 (KHTML, like Gecko) Version/10.0 Mobile/14F89 Safari/602.1" "-"
66.249.66.194 - - [22/Jan/2019:03:59:33 +0330] "GET /m/filter/p6,v574%7CDIM%20(Digital%20Inverter%20Motor) HTTP/1.1" 200 19155 "-" "Mozilla/5.0 (Linux; Android 6.0.1; Nexus 5X Build/MMB29P) AppleWebKit/537.36 (KHTML, like Gecko) Chrome/41.0.2272.96 Mobile Safari/537.36 (compatible; Googlebot/2.1; +http://www.google.com/bot.html)" "-"
157.55.39.175 - - [22/Jan/2019:03:59:33 +0330] "GET /image/6225/productModel/150x150 HTTP/1.1" 200 3288 "-" "Mozilla/5.0 (compatible; bingbot/2.0; +http://www.bing.com/bingbot.htm)" "-"
130.185.74.243 - - [22/Jan/2019:03:59:34 +0330] "GET /filter/stexists,p8391,b195?page=4 HTTP/1.1" 200 31013 "-" "Mozilla/5.0 (Windows NT 6.1; rv:42.0) Gecko/20100101 Firefox/42.0" "-"
91.99.72.15 - - [22/Jan/2019:03:59:34 +0330] "GET /product/8367/10481/%D8%A8%D8%AE%D8%A7%D8%B1%DB%8C-%DA%AF%D8%A7%D8%B2%DB%8C-%D8%A8%D8%A7-%D8%AF%D9%88%D8%AF%DA%A9%D8%B4-%D9%BE%D9%84%D8%A7%D8%B1-%D9%85%D8%AF%D9%84-INVENT HTTP/1.1" 200 42363 "-" "Mozilla/5.0 (Windows NT 6.1; WOW64) AppleWebKit/535.7(KHTML, like Gecko) Chrome/16.0.912.36 Safari/535.7" "-"
66.249.66.194 - - [22/Jan/2019:03:59:34 +0330] "GET /m/filter/b99,p4510,stexists HTTP/1.1" 200 18209 "-" "Mozilla/5.0 (Linux; Android 6.0.1; Nexus 5X Build/MMB29P) AppleWebKit/537.36 (KHTML, like Gecko) Chrome/41.0.2272.96 Mobile Safari/537.36 (compatible; Googlebot/2.1; +http://www.google.com/bot.html)" "-"
91.99.72.15 - - [22/Jan/2019:03:59:34 +0330] "GET /product/29309?model=58670 HTTP/1.1" 200 41945 "-" "Mozilla/5.0 (X11; Linux x86_64) AppleWebKit/537.36 (KHTML, like Gecko) Chrome/53.0.2785.92 Safari/537.36" "-"
157.55.39.175 - - [22/Jan/2019:03:59:35 +0330] "GET /image/62310/productModel/150x150 HTTP/1.1" 200 2768 "-" "Mozilla/5.0 (compatible; bingbot/2.0; +http://www.bing.com/bingbot.htm)" "-"
192.119.14.199 - - [22/Jan/2019:03:59:35 +0330] "GET /m/search?phrase=%D9%84%D9%8A%D8%A8%D9%84&f=null%2Cb517 HTTP/1.1" 200 16912 "-" "Mozilla/5.0 (iPhone; CPU iPhone OS 12_1_2 like Mac OS X) AppleWebKit/605.1.15 (KHTML, like Gecko) Version/12.0 Mobile/15E148 Safari/604.1" "-"
130.185.74.243 - - [22/Jan/2019:03:59:35 +0330] "GET /filter/stexists,p8391,b195?page=5 HTTP/1.1" 200 31013 "-" "Mozilla/5.0 (Windows NT 6.1; rv:42.0) Gecko/20100101 Firefox/42.0" "-"
66.249.66.194 - - [22/Jan/2019:03:59:35 +0330] "GET /m/filter/b173,b185,b3,p56 HTTP/1.1" 200 18584 "-" "Mozilla/5.0 (Linux; Android 6.0.1; Nexus 5X Build/MMB29P) AppleWebKit/537.36 (KHTML, like Gecko) Chrome/41.0.2272.96 Mobile Safari/537.36 (compatible; Googlebot/2.1; +http://www.google.com/bot.html)" "-"
91.99.72.15 - - [22/Jan/2019:03:59:36 +0330] "GET /product/31415?model=61374&utm_medium=PPC&utm_source=Torob HTTP/1.1" 200 40725 "-" "Mozilla/5.0 (Windows NT 6.1; WOW64) AppleWebKit/535.7(KHTML, like Gecko) Chrome/16.0.912.36 Safari/535.7" "-"
157.55.39.175 - - [22/Jan/2019:03:59:36 +0330] "GET /image/6238/productModel/150x150 HTTP/1.1" 200 2953 "-" "Mozilla/5.0 (compatible; bingbot/2.0; +http://www.bing.com/bingbot.htm)" "-"
207.46.13.136 - - [22/Jan/2019:03:59:36 +0330] "GET /filter/b1,b103,b105,b109,b111,b113,b118,b135,b144,b176,b186,b221,b261,b291,b454,b497,b52,b598,b741,b77,b82,b83 HTTP/1.1" 200 39363 "-" "Mozilla/5.0 (compatible; bingbot/2.0; +http://www.bing.com/bingbot.htm)" "-"
66.249.66.194 - - [22/Jan/2019:03:59:36 +0330] "GET /product/18950 HTTP/1.1" 404 33631 "-" "Mozilla/5.0 (compatible; Googlebot/2.1; +http://www.google.com/bot.html)" "-"
130.185.74.243 - - [22/Jan/2019:03:59:37 +0330] "GET /filter/stexists,p8391,b195?page=6 HTTP/1.1" 200 31013 "-" "Mozilla/5.0 (Windows NT 6.1; rv:42.0) Gecko/20100101 Firefox/42.0" "-"
172.20.2.174 - - [22/Jan/2019:03:59:37 +0330] "GET /site/ping HTTP/1.1" 200 4 "-" "-" "-"
192.119.14.199 - - [22/Jan/2019:03:59:37 +0330] "GET /apple-touch-icon-120x120-precomposed.png HTTP/1.1" 404 33667 "-" "MobileSafari/604.1 CFNetwork/976 Darwin/18.2.0" "-"
66.249.66.91 - - [22/Jan/2019:03:59:38 +0330] "GET /filter/b481%2Cb226%2Cb570%2Cb80%2Cb270%2Cb903%2Cb883%2Cb152%2Cb249%2Cb20%2Cb701%2Cb723%2Cb42%2Cb198%2Cb35%2Cb183%2Cb219%2Cb308%2Cb126%2Cb523%2Cb900%2Cb188%2Cb703%2Cb890%2Cb236%2Cb74%2Cb400%2Cb209%2Cb19%2Cb454%2Cb651%2Cb202%2Cb4%2Cb22%2Cb238%2Cb6%2Cb596%2Cb143%2Cb877%2Cb485%2Cb221%2Cb194%2Cb136%2Cb647%2Cb497%2Cb546%2Cb105%2Cb185%2Cb568%2Cb151%2Cb88%2Cb43%2Cb597%2Cb103%2Cb613%2Cb880%2Cb212%2Cb861%2Cb148%2Cb135%2Cb186%2Cb778%2Cb113%2Cb99%2Cb584%2Cb724%2Cb224?page=178 HTTP/1.1" 200 41954 "-" "Mozilla/5.0 (compatible; Googlebot/2.1; +http://www.google.com/bot.html)" "-"
207.46.13.104 - - [22/Jan/2019:03:59:38 +0330] "GET /filter/b142,b19,b41,b435,b441 HTTP/1.1" 200 37627 "-" "Mozilla/5.0 (compatible; bingbot/2.0; +http://www.bing.com/bingbot.htm)" "-"
130.185.74.243 - - [22/Jan/2019:03:59:38 +0330] "GET /filter/stexists,p8391,b195?page=7 HTTP/1.1" 200 31013 "-" "Mozilla/5.0 (Windows NT 6.1; rv:42.0) Gecko/20100101 Firefox/42.0" "-"
54.36.149.6 - - [22/Jan/2019:03:59:38 +0330] "GET /filter/b41,b665,p68,stnot-exists HTTP/1.1" 200 32327 "-" "Mozilla/5.0 (compatible; AhrefsBot/6.1; +http://ahrefs.com/robot/)" "-"
192.119.14.199 - - [22/Jan/2019:03:59:39 +0330] "GET /apple-touch-icon-120x120.png HTTP/1.1" 404 33661 "-" "MobileSafari/604.1 CFNetwork/976 Darwin/18.2.0" "-"
192.119.14.199 - - [22/Jan/2019:03:59:39 +0330] "GET /apple-touch-icon-precomposed.png HTTP/1.1" 404 392 "-" "MobileSafari/604.1 CFNetwork/976 Darwin/18.2.0" "-"
192.119.14.199 - - [22/Jan/2019:03:59:39 +0330] "GET /apple-touch-icon.png HTTP/1.1" 404 392 "-" "MobileSafari/604.1 CFNetwork/976 Darwin/18.2.0" "-"
192.119.14.199 - - [22/Jan/2019:03:59:40 +0330] "GET /favicon.ico HTTP/1.1" 200 0 "-" "MobileSafari/604.1 CFNetwork/976 Darwin/18.2.0" "-"
130.185.74.243 - - [22/Jan/2019:03:59:40 +0330] "GET /filter/stexists,p8391,b195?page=8 HTTP/1.1" 200 31013 "-" "Mozilla/5.0 (Windows NT 6.1; rv:42.0) Gecko/20100101 Firefox/42.0" "-"
192.119.14.199 - - [22/Jan/2019:03:59:40 +0330] "GET /apple-touch-icon-120x120-precomposed.png HTTP/1.1" 404 33667 "-" "MobileSafari/604.1 CFNetwork/976 Darwin/18.2.0" "-"
130.185.74.243 - - [22/Jan/2019:03:59:41 +0330] "GET /filter/stexists,p8391,b195?page=9 HTTP/1.1" 200 31013 "-" "Mozilla/5.0 (Windows NT 6.1; rv:42.0) Gecko/20100101 Firefox/42.0" "-"
192.119.14.199 - - [22/Jan/2019:03:59:42 +0330] "GET /apple-touch-icon-120x120.png HTTP/1.1" 404 33661 "-" "MobileSafari/604.1 CFNetwork/976 Darwin/18.2.0" "-"
130.185.74.243 - - [22/Jan/2019:03:59:42 +0330] "GET /filter/stexists,p8391,b195?page=10 HTTP/1.1" 200 31013 "-" "Mozilla/5.0 (Windows NT 6.1; rv:42.0) Gecko/20100101 Firefox/42.0" "-"
66.249.66.194 - - [22/Jan/2019:03:59:43 +0330] "GET /filter/p23840 HTTP/1.1" 200 28770 "-" "Mozilla/5.0 (compatible; Googlebot/2.1; +http://www.google.com/bot.html)" "-"
207.46.13.104 - - [22/Jan/2019:03:59:43 +0330] "GET /filter/b1,b103,b105,b109,b111,b113,b118,b135,b144,b176,b186,b221,b261,b291,b43,b52,b542,b77,b8,b80,b83 HTTP/1.1" 200 39219 "-" "Mozilla/5.0 (compatible; bingbot/2.0; +http://www.bing.com/bingbot.htm)" "-"
192.119.14.199 - - [22/Jan/2019:03:59:43 +0330] "GET /apple-touch-icon-precomposed.png HTTP/1.1" 404 392 "-" "MobileSafari/604.1 CFNetwork/976 Darwin/18.2.0" "-"
130.185.74.243 - - [22/Jan/2019:03:59:43 +0330] "GET /filter/stexists,p8391,b195?page=11 HTTP/1.1" 200 31013 "-" "Mozilla/5.0 (Windows NT 6.1; rv:42.0) Gecko/20100101 Firefox/42.0" "-"
192.119.14.199 - - [22/Jan/2019:03:59:43 +0330] "GET /apple-touch-icon.png HTTP/1.1" 404 392 "-" "MobileSafari/604.1 CFNetwork/976 Darwin/18.2.0" "-"
66.249.66.194 - - [22/Jan/2019:03:59:43 +0330] "GET /m/product/21581/%D9%81%D8%B1-%DA%A9%D9%86%D9%86%D8%AF%D9%87-%D9%85%D9%88-%D9%BE%D8%B1%D9%88%D9%85%DA%A9%D8%B3-%D9%85%D8%AF%D9%84-4866G HTTP/1.1" 200 20354 "-" "Mozilla/5.0 (Linux; Android 6.0.1; Nexus 5X Build/MMB29P) AppleWebKit/537.36 (KHTML, like Gecko) Chrome/41.0.2272.96 Mobile Safari/537.36 (compatible; Googlebot/2.1; +http://www.google.com/bot.html)" "-"
192.119.14.199 - - [22/Jan/2019:03:59:44 +0330] "GET /favicon.ico HTTP/1.1" 200 0 "-" "MobileSafari/604.1 CFNetwork/976 Darwin/18.2.0" "-"
130.185.74.243 - - [22/Jan/2019:03:59:44 +0330] "GET /filter/stexists,p8391,b195?page=12 HTTP/1.1" 200 31014 "-" "Mozilla/5.0 (Windows NT 6.1; rv:42.0) Gecko/20100101 Firefox/42.0" "-"
130.185.74.243 - - [22/Jan/2019:03:59:45 +0330] "GET /filter/stexists,p8391,b212 HTTP/1.1" 200 30994 "-" "Mozilla/5.0 (Windows NT 6.1; rv:42.0) Gecko/20100101 Firefox/42.0" "-"
66.111.54.249 - - [22/Jan/2019:03:59:46 +0330] "GET /m/filter/p3?page=3 HTTP/1.1" 200 20164 "https://www.zanbil.ir/m/filter/p3?page=2" "Mozilla/5.0 (Linux; Android 5.0; SM-G900H Build/LRX21T) AppleWebKit/537.36 (KHTML, like Gecko) Chrome/39.0.2171.93 Mobile Safari/537.36" "-"
207.46.13.136 - - [22/Jan/2019:03:59:46 +0330] "GET /product/30994/60788/%D8%A7%D8%AA%D9%88-%D9%85%D9%88-%D9%BE%D8%B1%D9%86%D8%B3%D9%84%DB%8C-%D9%85%D8%AF%D9%84-PR301AT HTTP/1.1" 200 41417 "-" "Mozilla/5.0 (compatible; bingbot/2.0; +http://www.bing.com/bingbot.htm)" "-"
130.185.74.243 - - [22/Jan/2019:03:59:46 +0330] "GET /filter/stexists,p8391,b212?page=1 HTTP/1.1" 200 31012 "-" "Mozilla/5.0 (Windows NT 6.1; rv:42.0) Gecko/20100101 Firefox/42.0" "-"
37.202.154.8 - - [22/Jan/2019:03:59:47 +0330] "GET /image/32745?name=ms506-14.jpg&wh=200x200 HTTP/1.1" 200 3901 "-" "Dalvik/2.1.0 (Linux; U; Android 6.0; HUAWEI NMO-L31 Build/HUAWEINMO-L31)" "-"
37.202.154.8 - - [22/Jan/2019:03:59:47 +0330] "GET /image/32743?name=x320-22.jpg&wh=200x200 HTTP/1.1" 200 3759 "-" "Dalvik/2.1.0 (Linux; U; Android 6.0; HUAWEI NMO-L31 Build/HUAWEINMO-L31)" "-"
66.249.66.91 - - [22/Jan/2019:03:59:47 +0330] "GET /filter/b656%2Cb703%2Cb32%2Cb67%2Cb226%2Cb41%2Cb598%2Cb168%2Cb723%2Cb597%2Cb88%2Cb548%2Cb6%2Cb679%2Cb215%2Cb105%2Cb194%2Cb74%2Cb542%2Cb35%2Cb113%2Cb820%2Cb574%2Cb442%2Cb880%2Cb645%2Cb724%2Cb118%2Cb482%2Cb400%2Cb95%2Cb135%2Cb249%2Cb435%2Cb221%2Cb523%2Cb854%2Cb126%2Cstexists%2Cb216%2Cb217%2Cb152%2Cb99%2Cb188%2Cb209%2Cb192%2Cb213%2Cb136%2Cb218%2Cb4%2Cb546%2Cb603?page=1 HTTP/1.1" 200 41222 "-" "Mozilla/5.0 (compatible; Googlebot/2.1; +http://www.google.com/bot.html)" "-"
207.46.13.104 - - [22/Jan/2019:03:59:47 +0330] "GET /filter/b33,b35,p1 HTTP/1.1" 200 38332 "-" "Mozilla/5.0 (compatible; bingbot/2.0; +http://www.bing.com/bingbot.htm)" "-"
130.185.74.243 - - [22/Jan/2019:03:59:48 +0330] "GET /filter/stexists,p8391,b212?page=2 HTTP/1.1" 200 31011 "-" "Mozilla/5.0 (Windows NT 6.1; rv:42.0) Gecko/20100101 Firefox/42.0" "-"
17.58.102.43 - - [22/Jan/2019:03:59:48 +0330] "GET /filter/b288%2Cb70%2Cb57%2Cb6%2Cb355%2Cb237%2Cb87%2Cb538%2Cb549%2Cb518%2Cb280%2Cb384%2Cb351%2Cb13%2Cb599%2Cb407%2Cb482%2Cb656%2Cb218 HTTP/1.1" 200 38326 "-" "Mozilla/5.0 (Macintosh; Intel Mac OS X 10_10_1) AppleWebKit/600.2.5 (KHTML, like Gecko) Version/8.0.2 Safari/600.2.5 (Applebot/0.1; +http://www.apple.com/go/applebot)" "-"
5.160.157.20 - - [22/Jan/2019:03:59:48 +0330] "GET /browse/mony-numerator HTTP/1.1" 301 178 "-" "Mozilla/5.0 (Windows NT 5.1; rv:8.0) Gecko/20100101 Firefox/8.0" "-"
5.160.157.20 - - [22/Jan/2019:03:59:49 +0330] "GET /filter?f=p69&page=5 HTTP/1.1" 301 178 "-" "Mozilla/5.0 (Windows NT 5.1; rv:8.0) Gecko/20100101 Firefox/8.0" "-"
66.111.54.249 - - [22/Jan/2019:03:59:49 +0330] "GET /settings/logo HTTP/1.1" 200 4120 "https://www.zanbil.ir/m/filter/p3?page=3" "Mozilla/5.0 (Linux; Android 5.0; SM-G900H Build/LRX21T) AppleWebKit/537.36 (KHTML, like Gecko) Chrome/39.0.2171.93 Mobile Safari/537.36" "-"
207.46.13.136 - - [22/Jan/2019:03:59:49 +0330] "GET /filter/b111%2Cb18%2Cb129%2Cb124%2Cb548 HTTP/1.1" 200 37020 "-" "Mozilla/5.0 (compatible; bingbot/2.0; +http://www.bing.com/bingbot.htm)" "-"
66.111.54.249 - - [22/Jan/2019:03:59:49 +0330] "GET /discountLabel/get/3?type=mobileSmallIcon HTTP/1.1" 200 4336 "https://www.zanbil.ir/m/filter/p3?page=3" "Mozilla/5.0 (Linux; Android 5.0; SM-G900H Build/LRX21T) AppleWebKit/537.36 (KHTML, like Gecko) Chrome/39.0.2171.93 Mobile Safari/537.36" "-"
130.185.74.243 - - [22/Jan/2019:03:59:49 +0330] "GET /filter/stexists,p8391,b212?page=3 HTTP/1.1" 200 31011 "-" "Mozilla/5.0 (Windows NT 6.1; rv:42.0) Gecko/20100101 Firefox/42.0" "-"
66.111.54.249 - - [22/Jan/2019:03:59:50 +0330] "GET /image/56330/productModel/200x200 HTTP/1.1" 200 2421 "https://www.zanbil.ir/m/filter/p3?page=3" "Mozilla/5.0 (Linux; Android 5.0; SM-G900H Build/LRX21T) AppleWebKit/537.36 (KHTML, like Gecko) Chrome/39.0.2171.93 Mobile Safari/537.36" "-"
66.111.54.249 - - [22/Jan/2019:03:59:50 +0330] "GET /image/62904/productModel/200x200 HTTP/1.1" 200 3088 "https://www.zanbil.ir/m/filter/p3?page=3" "Mozilla/5.0 (Linux; Android 5.0; SM-G900H Build/LRX21T) AppleWebKit/537.36 (KHTML, like Gecko) Chrome/39.0.2171.93 Mobile Safari/537.36" "-"
207.46.13.136 - - [22/Jan/2019:03:59:50 +0330] "GET /image/32150?name=rf-840n--e2-11.jpg&wh=max HTTP/1.1" 200 102550 "-" "Mozilla/5.0 (compatible; bingbot/2.0; +http://www.bing.com/bingbot.htm)" "-"
66.111.54.249 - - [22/Jan/2019:03:59:50 +0330] "GET /image/63909/productModel/200x200 HTTP/1.1" 200 2286 "https://www.zanbil.ir/m/filter/p3?page=3" "Mozilla/5.0 (Linux; Android 5.0; SM-G900H Build/LRX21T) AppleWebKit/537.36 (KHTML, like Gecko) Chrome/39.0.2171.93 Mobile Safari/537.36" "-"
66.111.54.249 - - [22/Jan/2019:03:59:50 +0330] "GET /image/63364/productModel/200x200 HTTP/1.1" 200 3594 "https://www.zanbil.ir/m/filter/p3?page=3" "Mozilla/5.0 (Linux; Android 5.0; SM-G900H Build/LRX21T) AppleWebKit/537.36 (KHTML, like Gecko) Chrome/39.0.2171.93 Mobile Safari/537.36" "-"
66.111.54.249 - - [22/Jan/2019:03:59:50 +0330] "GET /image/62561/productModel/200x200 HTTP/1.1" 200 3767 "https://www.zanbil.ir/m/filter/p3?page=3" "Mozilla/5.0 (Linux; Android 5.0; SM-G900H Build/LRX21T) AppleWebKit/537.36 (KHTML, like Gecko) Chrome/39.0.2171.93 Mobile Safari/537.36" "-"
66.111.54.249 - - [22/Jan/2019:03:59:50 +0330] "GET /image/63248/productModel/200x200 HTTP/1.1" 200 2495 "https://www.zanbil.ir/m/filter/p3?page=3" "Mozilla/5.0 (Linux; Android 5.0; SM-G900H Build/LRX21T) AppleWebKit/537.36 (KHTML, like Gecko) Chrome/39.0.2171.93 Mobile Safari/537.36" "-"
54.36.148.22 - - [22/Jan/2019:03:59:50 +0330] "GET /filter/b3%2Cp5623%2Cstexists HTTP/1.1" 200 32792 "-" "Mozilla/5.0 (compatible; AhrefsBot/6.1; +http://ahrefs.com/robot/)" "-"
66.249.66.194 - - [22/Jan/2019:03:59:50 +0330] "GET /m/filter/b1,p6 HTTP/1.1" 200 19497 "-" "Mozilla/5.0 (Linux; Android 6.0.1; Nexus 5X Build/MMB29P) AppleWebKit/537.36 (KHTML, like Gecko) Chrome/41.0.2272.96 Mobile Safari/537.36 (compatible; Googlebot/2.1; +http://www.google.com/bot.html)" "-"
130.185.74.243 - - [22/Jan/2019:03:59:51 +0330] "GET /filter/stexists,p8391,b212?page=4 HTTP/1.1" 200 31011 "-" "Mozilla/5.0 (Windows NT 6.1; rv:42.0) Gecko/20100101 Firefox/42.0" "-"
66.249.66.91 - - [22/Jan/2019:03:59:51 +0330] "GET /product/27999/56633/%D8%AA%D9%84%D9%88%DB%8C%D8%B2%DB%8C%D9%88%D9%86-%D8%A7%D9%84-%D8%A7%DB%8C-%D8%AF%DB%8C-%D8%A7%D9%84-%D8%AC%DB%8C-%D9%85%D8%AF%D9%84-55UC97000GI HTTP/1.1" 200 44121 "-" "Mozilla/5.0 (compatible; Googlebot/2.1; +http://www.google.com/bot.html)" "-"
66.249.66.194 - - [22/Jan/2019:03:59:52 +0330] "GET /product/27991?model=56625 HTTP/1.1" 404 33631 "-" "Mozilla/5.0 (compatible; Googlebot/2.1; +http://www.google.com/bot.html)" "-"
31.56.96.51 - - [22/Jan/2019:03:59:52 +0330] "GET /m/filter/p62%2Cb5%2Cb113?page=1 HTTP/1.1" 200 18938 "https://www.zanbil.ir/m/filter/p62%2Cb5?page=1" "Mozilla/5.0 (Linux; Android 6.0; ALE-L21 Build/HuaweiALE-L21) AppleWebKit/537.36 (KHTML, like Gecko) Chrome/66.0.3359.158 Mobile Safari/537.36" "-"
5.127.227.69 - - [22/Jan/2019:03:59:53 +0330] "GET /image/33888?name=model-b2048u-1-.jpg&wh=200x200 HTTP/1.1" 200 3975 "-" "Dalvik/2.1.0 (Linux; U; Android 5.1.1; SM-J700H Build/LMY48B)" "-"
130.185.74.243 - - [22/Jan/2019:03:59:53 +0330] "GET /filter/stexists,p8391,b212?page=5 HTTP/1.1" 200 31011 "-" "Mozilla/5.0 (Windows NT 6.1; rv:42.0) Gecko/20100101 Firefox/42.0" "-"
66.249.66.194 - - [22/Jan/2019:03:59:53 +0330] "GET /m/product/11700/%D8%B3%D8%AA-%DA%A9%D8%A7%D9%84%D8%B3%DA%A9%D9%87-%DA%86%DB%8C%DA%A9%D9%88-%D9%85%D8%AF%D9%84-Chicco-Stroller-Set-Cortina HTTP/1.1" 200 21148 "-" "Mozilla/5.0 (Linux; Android 6.0.1; Nexus 5X Build/MMB29P) AppleWebKit/537.36 (KHTML, like Gecko) Chrome/41.0.2272.96 Mobile Safari/537.36 (compatible; Googlebot/2.1; +http://www.google.com/bot.html)" "-"
66.249.66.91 - - [22/Jan/2019:03:59:53 +0330] "GET /filter/b481%2Cb43%2Cb874%2Cb32%2Cb67%2Cb36%2Cb226%2Cb41%2Cb136%2Cb570%2Cb615%2Cb168%2Cb648%2Cb148%2Cb80%2Cb213%2Cb597%2Cb724%2Cb613%2Cb5%2Cb135%2Cb877%2Cb183%2Cb497%2Cb435%2Cb194%2Cb1%2Cb861%2Cb256%2Cb854%2Cb198%2Cb656%2Cb647%2Cb679%2Cb3%2Cb202%2Cb20%2Cb542%2Cb723%2Cb482%2Cb212%2Cb573%2Cb441%2Cb35%2Cb546%2Cb400%2Cb879%2Cb8%2Cb151%2Cb485%2Cb219%2Cb238?page=197 HTTP/1.1" 200 39365 "-" "Mozilla/5.0 (compatible; Googlebot/2.1; +http://www.google.com/bot.html)" "-"
130.185.74.243 - - [22/Jan/2019:03:59:54 +0330] "GET /filter/stexists,p8391,b212?page=6 HTTP/1.1" 200 31011 "-" "Mozilla/5.0 (Windows NT 6.1; rv:42.0) Gecko/20100101 Firefox/42.0" "-"
31.56.96.51 - - [22/Jan/2019:03:59:54 +0330] "GET /settings/logo HTTP/1.1" 200 4120 "https://www.zanbil.ir/m/filter/p62%2Cb5%2Cb113?page=1" "Mozilla/5.0 (Linux; Android 6.0; ALE-L21 Build/HuaweiALE-L21) AppleWebKit/537.36 (KHTML, like Gecko) Chrome/66.0.3359.158 Mobile Safari/537.36" "-"
66.111.54.249 - - [22/Jan/2019:03:59:54 +0330] "GET /image/59828/productModel/200x200 HTTP/1.1" 200 3739 "https://www.zanbil.ir/m/filter/p3?page=3" "Mozilla/5.0 (Linux; Android 5.0; SM-G900H Build/LRX21T) AppleWebKit/537.36 (KHTML, like Gecko) Chrome/39.0.2171.93 Mobile Safari/537.36" "-"
66.111.54.249 - - [22/Jan/2019:03:59:54 +0330] "GET /image/58848/productModel/200x200 HTTP/1.1" 200 4099 "https://www.zanbil.ir/m/filter/p3?page=3" "Mozilla/5.0 (Linux; Android 5.0; SM-G900H Build/LRX21T) AppleWebKit/537.36 (KHTML, like Gecko) Chrome/39.0.2171.93 Mobile Safari/537.36" "-"
31.56.96.51 - - [22/Jan/2019:03:59:54 +0330] "GET /image/23572/productModel/200x200 HTTP/1.1" 200 4188 "https://www.zanbil.ir/m/filter/p62%2Cb5%2Cb113?page=1" "Mozilla/5.0 (Linux; Android 6.0; ALE-L21 Build/HuaweiALE-L21) AppleWebKit/537.36 (KHTML, like Gecko) Chrome/66.0.3359.158 Mobile Safari/537.36" "-"
66.111.54.249 - - [22/Jan/2019:03:59:54 +0330] "GET /image/64552/productModel/200x200 HTTP/1.1" 200 2337 "https://www.zanbil.ir/m/filter/p3?page=3" "Mozilla/5.0 (Linux; Android 5.0; SM-G900H Build/LRX21T) AppleWebKit/537.36 (KHTML, like Gecko) Chrome/39.0.2171.93 Mobile Safari/537.36" "-"
66.111.54.249 - - [22/Jan/2019:03:59:55 +0330] "GET /image/47987/productModel/200x200 HTTP/1.1" 200 2417 "https://www.zanbil.ir/m/filter/p3?page=3" "Mozilla/5.0 (Linux; Android 5.0; SM-G900H Build/LRX21T) AppleWebKit/537.36 (KHTML, like Gecko) Chrome/39.0.2171.93 Mobile Safari/537.36" "-"
54.36.148.88 - - [22/Jan/2019:03:59:55 +0330] "GET /filter/p66%2C746%7C340%2Cc378%7CBluetooth HTTP/1.1" 200 30302 "-" "Mozilla/5.0 (compatible; AhrefsBot/6.1; +http://ahrefs.com/robot/)" "-"
130.185.74.243 - - [22/Jan/2019:03:59:55 +0330] "GET /filter/stexists,p8391,b212?page=7 HTTP/1.1" 200 31011 "-" "Mozilla/5.0 (Windows NT 6.1; rv:42.0) Gecko/20100101 Firefox/42.0" "-"
130.185.74.243 - - [22/Jan/2019:03:59:56 +0330] "GET /filter/stexists,p8391,b212?page=8 HTTP/1.1" 200 31011 "-" "Mozilla/5.0 (Windows NT 6.1; rv:42.0) Gecko/20100101 Firefox/42.0" "-"
5.112.80.163 - - [22/Jan/2019:03:59:57 +0330] "GET /image/11947?name=11947-1-fw.jpg&wh=200x200 HTTP/1.1" 200 4167 "-" "Dalvik/1.6.0 (Linux; U; Android 4.2.2; H30-U10 Build/HuaweiH30-U10)" "-"
207.46.13.104 - - [22/Jan/2019:03:59:57 +0330] "GET /image/32073?name=vz279h-444.jpg&wh=300x300 HTTP/1.1" 200 4005 "-" "Mozilla/5.0 (compatible; bingbot/2.0; +http://www.bing.com/bingbot.htm)" "-"
130.185.74.243 - - [22/Jan/2019:03:59:57 +0330] "GET /filter/stexists,p8391,b212?page=9 HTTP/1.1" 200 31012 "-" "Mozilla/5.0 (Windows NT 6.1; rv:42.0) Gecko/20100101 Firefox/42.0" "-"
66.249.66.91 - - [22/Jan/2019:03:59:58 +0330] "GET /filter/b874%2Cb32%2Cb63%2Cb99%2Cb126%2Cb820%2Cb249%2Cb3%2Cb148%2Cb724%2Cb613%2Cb183%2Cb213%2Cb484%2Cb224%2Cb734%2Cb20%2Cb95%2Cb542%2Cb212%2Cb485%2Cb523%2Cb118%2Cb186%2Cb67?page=3 HTTP/1.1" 200 39695 "-" "Mozilla/5.0 (compatible; Googlebot/2.1; +http://www.google.com/bot.html)" "-"
66.249.66.194 - - [22/Jan/2019:03:59:58 +0330] "GET /m/filter/b1,b103,b105,b135,b151,b168,b180,b183,b19,b192,b202,b213,b219,b224,b226,b231,b238,b261,b3,b321,b35,b36,b41,b435,b441,b484,b485,b497,b5,b50,b542,b568,b570,b573,b584,b598,b613,b614,b619,b63,b645,b647,b656,b703,b723,b724,b74,b8,b820,b854,b878,b88,b880,b99 HTTP/1.1" 200 27095 "-" "Mozilla/5.0 (Linux; Android 6.0.1; Nexus 5X Build/MMB29P) AppleWebKit/537.36 (KHTML, like Gecko) Chrome/41.0.2272.96 Mobile Safari/537.36 (compatible; Googlebot/2.1; +http://www.google.com/bot.html)" "-"
91.99.72.15 - - [22/Jan/2019:03:59:58 +0330] "GET /product/974/361/%D9%85%D8%A7%D8%B4%DB%8C%D9%86-%D9%84%D8%A8%D8%A7%D8%B3%D8%B4%D9%88%DB%8C%DB%8C-%D8%AF%D8%B1%D8%A8-%D8%A7%D8%B2-%D8%AC%D9%84%D9%88-%D8%A8%D9%84%D9%88%D9%85%D8%A8%D8%B1%DA%AF-%D9%85%D8%AF%D9%84-WNF-16200-A HTTP/1.1" 200 41609 "-" "Mozilla/5.0 (X11; Linux x86_64) AppleWebKit/537.36 (KHTML, like Gecko) Chrome/53.0.2785.92 Safari/537.36" "-"
130.185.74.243 - - [22/Jan/2019:03:59:59 +0330] "GET /filter/stexists,p8391,b212?page=10 HTTP/1.1" 200 31011 "-" "Mozilla/5.0 (Windows NT 6.1; rv:42.0) Gecko/20100101 Firefox/42.0" "-"
91.99.72.15 - - [22/Jan/2019:04:00:00 +0330] "GET /product/29915/59433/%D8%B3%D8%AA-4-%D9%86%D9%81%D8%B1%D9%87-%D9%85%D8%A8%D9%84%D9%85%D8%A7%D9%86-%D8%A7%D8%AF%D8%A7%D8%B1%DB%8C-%D8%B3%DB%8C%D9%84%D8%A7-%D9%85%D8%AF%D9%84-F26p HTTP/1.1" 200 43098 "-" "Mozilla/5.0 (Windows NT 6.2; Win64; x64; rv:16.0)Gecko/16.0 Firefox/16.0" "-"
51.15.15.54 - - [22/Jan/2019:04:00:00 +0330] "GET /blog/home-appliances/food-preparation/mixer/ HTTP/1.1" 200 19511 "-" "Barkrowler/0.9 (+http://www.exensa.com/crawl)" "-"
130.185.74.243 - - [22/Jan/2019:04:00:00 +0330] "GET /filter/stexists,p8391,b212?page=11 HTTP/1.1" 200 31012 "-" "Mozilla/5.0 (Windows NT 6.1; rv:42.0) Gecko/20100101 Firefox/42.0" "-"
91.99.72.15 - - [22/Jan/2019:04:00:01 +0330] "GET /product/29029/58195/%D8%B5%D9%86%D8%AF%D9%84%DB%8C-%D9%88%DB%8C%D8%B2%DB%8C%D8%AA%D9%88%D8%B1%DB%8C-%D9%84%DB%8C%D9%88-%D9%85%D8%AF%D9%84-T53c HTTP/1.1" 200 41821 "-" "Mozilla/5.0 (X11; Linux x86_64) AppleWebKit/537.36 (KHTML, like Gecko) Chrome/53.0.2785.92 Safari/537.36" "-"
207.46.13.104 - - [22/Jan/2019:04:00:01 +0330] "GET /image/18822?name=motorized.jpg&wh=max HTTP/1.1" 301 178 "-" "Mozilla/5.0 (compatible; bingbot/2.0; +http://www.bing.com/bingbot.htm)" "-"
207.46.13.136 - - [22/Jan/2019:04:00:02 +0330] "GET /product/13793/%D8%AF%D8%B3%D8%AA%DA%AF%D8%A7%D9%87-%D9%BE%D8%A7%DA%A9%D8%B3%D8%A7%D8%B2%DB%8C-%D9%88-%D8%B3%D9%88%D9%86%D8%A7%DB%8C-%D8%B5%D9%88%D8%B1%D8%AA-%D9%85%D8%AF%DB%8C%D8%B3%D8%A7%D9%86%D8%A7-%D9%85%D8%AF%D9%84-FSS HTTP/1.1" 200 40060 "-" "Mozilla/5.0 (compatible; bingbot/2.0; +http://www.bing.com/bingbot.htm)" "-"
130.185.74.243 - - [22/Jan/2019:04:00:02 +0330] "GET /filter/stexists,p8391,b212?page=12 HTTP/1.1" 200 29759 "-" "Mozilla/5.0 (Windows NT 6.1; rv:42.0) Gecko/20100101 Firefox/42.0" "-"
17.58.102.43 - - [22/Jan/2019:04:00:03 +0330] "GET /filter/b571%2Cb288%2Cb70%2Cb57%2Cb6%2Cb355%2Cb237%2Cb87%2Cb428%2Cb234%2Cb400%2Cb496%2Cb333%2Cb656%2Cb32 HTTP/1.1" 200 37136 "-" "Mozilla/5.0 (Macintosh; Intel Mac OS X 10_10_1) AppleWebKit/600.2.5 (KHTML, like Gecko) Version/8.0.2 Safari/600.2.5 (Applebot/0.1; +http://www.apple.com/go/applebot)" "-"
89.198.116.98 - - [22/Jan/2019:04:00:03 +0330] "GET /image/33888?name=model-b2048u-1-.jpg&wh=200x200 HTTP/1.1" 200 3975 "-" "Dalvik/2.1.0 (Linux; U; Android 8.1.0; TA-1021 Build/OPR1.170623.026)" "-"
66.249.66.91 - - [22/Jan/2019:04:00:03 +0330] "GET /filter/b874%2Cb32%2Cb63%2Cb99%2Cb126%2Cb820%2Cb249%2Cb3%2Cb148%2Cb724%2Cb613%2Cb183%2Cb213%2Cb484%2Cb224%2Cb734%2Cb20%2Cb95%2Cb542%2Cb212%2Cb485%2Cb523%2Cb221%2Cb186%2Cb67?page=3 HTTP/1.1" 200 39373 "-" "Mozilla/5.0 (compatible; Googlebot/2.1; +http://www.google.com/bot.html)" "-"
130.185.74.243 - - [22/Jan/2019:04:00:03 +0330] "GET /filter/stexists,p8391,b212?page=13 HTTP/1.1" 200 31012 "-" "Mozilla/5.0 (Windows NT 6.1; rv:42.0) Gecko/20100101 Firefox/42.0" "-"
91.99.72.15 - - [22/Jan/2019:04:00:03 +0330] "GET /product/16216/30801/%D8%A2%DB%8C%D9%86%D9%87-%D8%A8%D8%B1%D9%82%DB%8C-%D8%A8%D8%A7%D8%A8%DB%8C%D9%84%DB%8C%D8%B3-%D9%85%D8%AF%D9%84-8435E HTTP/1.1" 200 39361 "-" "Mozilla/5.0 (Macintosh; Intel Mac OS X 10_7_3) AppleWebKit/534.55.3 (KHTML, like Gecko) Version/5.1.3 Safari/534.53.10" "-"
66.249.66.91 - - [22/Jan/2019:04:00:03 +0330] "GET /image/23136/productModel/100x100 HTTP/1.1" 200 2237 "-" "Googlebot-Image/1.0" "-"
207.46.13.136 - - [22/Jan/2019:04:00:04 +0330] "GET /filter/b13%2Cb131%2Cb820 HTTP/1.1" 200 36855 "-" "Mozilla/5.0 (compatible; bingbot/2.0; +http://www.bing.com/bingbot.htm)" "-"
66.249.66.194 - - [22/Jan/2019:04:00:04 +0330] "GET /filter/b113 HTTP/1.1" 200 35407 "-" "Mozilla/5.0 (compatible; Googlebot/2.1; +http://www.google.com/bot.html)" "-"
130.185.74.243 - - [22/Jan/2019:04:00:04 +0330] "GET /filter/stexists,p8391,b212?page=14 HTTP/1.1" 200 31012 "-" "Mozilla/5.0 (Windows NT 6.1; rv:42.0) Gecko/20100101 Firefox/42.0" "-"
207.46.13.104 - - [22/Jan/2019:04:00:05 +0330] "GET /image/18822?name=motorized.jpg&wh=max HTTP/1.1" 200 352829 "-" "Mozilla/5.0 (compatible; bingbot/2.0; +http://www.bing.com/bingbot.htm)" "-"
130.185.74.243 - - [22/Jan/2019:04:00:06 +0330] "GET /filter/stexists,p8391,b221 HTTP/1.1" 200 31958 "-" "Mozilla/5.0 (Windows NT 6.1; rv:42.0) Gecko/20100101 Firefox/42.0" "-"
93.113.124.199 - - [22/Jan/2019:04:00:06 +0330] "GET / HTTP/1.0" 301 178 "-" "\x22nlpproject.info research\x22" "-"
207.46.13.136 - - [22/Jan/2019:04:00:07 +0330] "GET /filter/b1%2Cb341%2Cb36%2Cb734 HTTP/1.1" 200 37571 "-" "Mozilla/5.0 (compatible; bingbot/2.0; +http://www.bing.com/bingbot.htm)" "-"
66.111.54.249 - - [22/Jan/2019:04:00:08 +0330] "GET /m/product/32790/63248/%DB%8C%D8%AE%DA%86%D8%A7%D9%84-%D9%81%D8%B1%DB%8C%D8%B2%D8%B1-%D9%81%D8%B1%DB%8C%D8%B2%D8%B1-%D9%87%D8%A7%DB%8C%D8%B3%D9%86%D8%B3-%D9%85%D8%AF%D9%84-RS-20WC4SA HTTP/1.1" 200 20320 "https://www.zanbil.ir/m/filter/p3?page=3" "Mozilla/5.0 (Linux; Android 5.0; SM-G900H Build/LRX21T) AppleWebKit/537.36 (KHTML, like Gecko) Chrome/39.0.2171.93 Mobile Safari/537.36" "-"
130.185.74.243 - - [22/Jan/2019:04:00:08 +0330] "GET /filter/stexists,p8391,b221?page=1 HTTP/1.1" 200 29993 "-" "Mozilla/5.0 (Windows NT 6.1; rv:42.0) Gecko/20100101 Firefox/42.0" "-"
5.115.54.117 - - [22/Jan/2019:04:00:08 +0330] "GET /m/browse/stove-and-oven/%D8%A7%D8%AC%D8%A7%D9%82-%DA%AF%D8%A7%D8%B2-%D9%85%D8%A8%D9%84%D9%87 HTTP/1.1" 200 19281 "https://www.google.com/search?q=%D8%A7%D8%AC%D8%A7%D9%82+%DA%AF%D8%A7%D8%B2+%D9%85%D8%A8%D9%84%D9%87&ie=utf-8&oe=utf-8&client=firefox-b" "Mozilla/5.0 (Android 8.0.0; Mobile; rv:62.0) Gecko/62.0 Firefox/62.0" "-"
46.229.161.131 - - [22/Jan/2019:04:00:08 +0330] "HEAD /browse/perfume HTTP/1.1" 301 0 "-" "SEMrushBot" "-"
5.115.54.117 - - [22/Jan/2019:04:00:08 +0330] "GET /discountLabel/get/3?type=mobileSmallIcon HTTP/1.1" 200 4336 "https://www.zanbil.ir/m/browse/stove-and-oven/%D8%A7%D8%AC%D8%A7%D9%82-%DA%AF%D8%A7%D8%B2-%D9%85%D8%A8%D9%84%D9%87" "Mozilla/5.0 (Android 8.0.0; Mobile; rv:62.0) Gecko/62.0 Firefox/62.0" "-"
66.111.54.249 - - [22/Jan/2019:04:00:09 +0330] "GET /settings/logo HTTP/1.1" 200 4120 "https://www.zanbil.ir/m/product/32790/63248/%DB%8C%D8%AE%DA%86%D8%A7%D9%84-%D9%81%D8%B1%DB%8C%D8%B2%D8%B1-%D9%81%D8%B1%DB%8C%D8%B2%D8%B1-%D9%87%D8%A7%DB%8C%D8%B3%D9%86%D8%B3-%D9%85%D8%AF%D9%84-RS-20WC4SA" "Mozilla/5.0 (Linux; Android 5.0; SM-G900H Build/LRX21T) AppleWebKit/537.36 (KHTML, like Gecko) Chrome/39.0.2171.93 Mobile Safari/537.36" "-"
66.111.54.249 - - [22/Jan/2019:04:00:09 +0330] "GET /image/32790?name=rs-20wc4sa-111.jpg&wh=max HTTP/1.1" 200 16479 "https://www.zanbil.ir/m/product/32790/63248/%DB%8C%D8%AE%DA%86%D8%A7%D9%84-%D9%81%D8%B1%DB%8C%D8%B2%D8%B1-%D9%81%D8%B1%DB%8C%D8%B2%D8%B1-%D9%87%D8%A7%DB%8C%D8%B3%D9%86%D8%B3-%D9%85%D8%AF%D9%84-RS-20WC4SA" "Mozilla/5.0 (Linux; Android 5.0; SM-G900H Build/LRX21T) AppleWebKit/537.36 (KHTML, like Gecko) Chrome/39.0.2171.93 Mobile Safari/537.36" "-"
66.249.66.91 - - [22/Jan/2019:04:00:10 +0330] "GET /filter/b481%2Cb43%2Cb874%2Cb32%2Cb67%2Cb36%2Cb226%2Cb41%2Cb136%2Cb570%2Cb180%2Cb615%2Cb168%2Cb648%2Cb103%2Cb148%2Cb80%2Cb597%2Cb724%2Cb613%2Cb5%2Cb135%2Cb877%2Cb194%2Cb1%2Cb256%2Cb854%2Cb198%2Cb656%2Cb679%2Cb3%2Cb202%2Cb20%2Cb542%2Cb723%2Cb482%2Cb212%2Cb2%2Cb546%2Cb218%2Cb441%2Cb523%2Cb484%2Cb261%2Cb219%2Cb113?page=223 HTTP/1.1" 200 39489 "-" "Mozilla/5.0 (compatible; Googlebot/2.1; +http://www.google.com/bot.html)" "-"
5.115.54.117 - - [22/Jan/2019:04:00:10 +0330] "GET /settings/logo HTTP/1.1" 200 4120 "https://www.zanbil.ir/m/browse/stove-and-oven/%D8%A7%D8%AC%D8%A7%D9%82-%DA%AF%D8%A7%D8%B2-%D9%85%D8%A8%D9%84%D9%87" "Mozilla/5.0 (Android 8.0.0; Mobile; rv:62.0) Gecko/62.0 Firefox/62.0" "-"
5.115.54.117 - - [22/Jan/2019:04:00:10 +0330] "GET /image/64490/productModel/200x200 HTTP/1.1" 200 7066 "https://www.zanbil.ir/m/browse/stove-and-oven/%D8%A7%D8%AC%D8%A7%D9%82-%DA%AF%D8%A7%D8%B2-%D9%85%D8%A8%D9%84%D9%87" "Mozilla/5.0 (Android 8.0.0; Mobile; rv:62.0) Gecko/62.0 Firefox/62.0" "-"
5.115.54.117 - - [22/Jan/2019:04:00:10 +0330] "GET /image/61869/productModel/200x200 HTTP/1.1" 200 3825 "https://www.zanbil.ir/m/browse/stove-and-oven/%D8%A7%D8%AC%D8%A7%D9%82-%DA%AF%D8%A7%D8%B2-%D9%85%D8%A8%D9%84%D9%87" "Mozilla/5.0 (Android 8.0.0; Mobile; rv:62.0) Gecko/62.0 Firefox/62.0" "-"
5.115.54.117 - - [22/Jan/2019:04:00:10 +0330] "GET /image/63294/productModel/200x200 HTTP/1.1" 200 4962 "https://www.zanbil.ir/m/browse/stove-and-oven/%D8%A7%D8%AC%D8%A7%D9%82-%DA%AF%D8%A7%D8%B2-%D9%85%D8%A8%D9%84%D9%87" "Mozilla/5.0 (Android 8.0.0; Mobile; rv:62.0) Gecko/62.0 Firefox/62.0" "-"
5.115.54.117 - - [22/Jan/2019:04:00:10 +0330] "GET /image/58102/productModel/200x200 HTTP/1.1" 200 7657 "https://www.zanbil.ir/m/browse/stove-and-oven/%D8%A7%D8%AC%D8%A7%D9%82-%DA%AF%D8%A7%D8%B2-%D9%85%D8%A8%D9%84%D9%87" "Mozilla/5.0 (Android 8.0.0; Mobile; rv:62.0) Gecko/62.0 Firefox/62.0" "-"
5.115.54.117 - - [22/Jan/2019:04:00:10 +0330] "GET /image/33681/productModel/200x200 HTTP/1.1" 200 6102 "https://www.zanbil.ir/m/browse/stove-and-oven/%D8%A7%D8%AC%D8%A7%D9%82-%DA%AF%D8%A7%D8%B2-%D9%85%D8%A8%D9%84%D9%87" "Mozilla/5.0 (Android 8.0.0; Mobile; rv:62.0) Gecko/62.0 Firefox/62.0" "-"
5.115.54.117 - - [22/Jan/2019:04:00:10 +0330] "GET /image/62149/productModel/200x200 HTTP/1.1" 200 5641 "https://www.zanbil.ir/m/browse/stove-and-oven/%D8%A7%D8%AC%D8%A7%D9%82-%DA%AF%D8%A7%D8%B2-%D9%85%D8%A8%D9%84%D9%87" "Mozilla/5.0 (Android 8.0.0; Mobile; rv:62.0) Gecko/62.0 Firefox/62.0" "-"
5.115.54.117 - - [22/Jan/2019:04:00:10 +0330] "GET /image/15503/productModel/200x200 HTTP/1.1" 200 6464 "https://www.zanbil.ir/m/browse/stove-and-oven/%D8%A7%D8%AC%D8%A7%D9%82-%DA%AF%D8%A7%D8%B2-%D9%85%D8%A8%D9%84%D9%87" "Mozilla/5.0 (Android 8.0.0; Mobile; rv:62.0) Gecko/62.0 Firefox/62.0" "-"
5.115.54.117 - - [22/Jan/2019:04:00:10 +0330] "GET /image/57848/productModel/200x200 HTTP/1.1" 200 7331 "https://www.zanbil.ir/m/browse/stove-and-oven/%D8%A7%D8%AC%D8%A7%D9%82-%DA%AF%D8%A7%D8%B2-%D9%85%D8%A8%D9%84%D9%87" "Mozilla/5.0 (Android 8.0.0; Mobile; rv:62.0) Gecko/62.0 Firefox/62.0" "-"
130.185.74.243 - - [22/Jan/2019:04:00:10 +0330] "GET /filter/stexists,p8391,b221?page=2 HTTP/1.1" 200 29993 "-" "Mozilla/5.0 (Windows NT 6.1; rv:42.0) Gecko/20100101 Firefox/42.0" "-"
66.111.54.249 - - [22/Jan/2019:04:00:10 +0330] "GET /image/32790?name=rs-20wc4sa-11.jpg&wh=max HTTP/1.1" 200 50447 "https://www.zanbil.ir/m/product/32790/63248/%DB%8C%D8%AE%DA%86%D8%A7%D9%84-%D9%81%D8%B1%DB%8C%D8%B2%D8%B1-%D9%81%D8%B1%DB%8C%D8%B2%D8%B1-%D9%87%D8%A7%DB%8C%D8%B3%D9%86%D8%B3-%D9%85%D8%AF%D9%84-RS-20WC4SA" "Mozilla/5.0 (Linux; Android 5.0; SM-G900H Build/LRX21T) AppleWebKit/537.36 (KHTML, like Gecko) Chrome/39.0.2171.93 Mobile Safari/537.36" "-"
66.249.66.91 - - [22/Jan/2019:04:00:10 +0330] "GET /image/30669?name=ysl-la-nuit-de-l-homme2.jpg&wh=200x200 HTTP/1.1" 200 5357 "-" "Googlebot-Image/1.0" "-"
5.115.54.117 - - [22/Jan/2019:04:00:10 +0330] "GET /image/231/brand HTTP/1.1" 200 2568 "https://www.zanbil.ir/m/browse/stove-and-oven/%D8%A7%D8%AC%D8%A7%D9%82-%DA%AF%D8%A7%D8%B2-%D9%85%D8%A8%D9%84%D9%87" "Mozilla/5.0 (Android 8.0.0; Mobile; rv:62.0) Gecko/62.0 Firefox/62.0" "-"
5.115.54.117 - - [22/Jan/2019:04:00:10 +0330] "GET /image/1218/mainSlideMobile HTTP/1.1" 200 68123 "https://www.zanbil.ir/m/browse/stove-and-oven/%D8%A7%D8%AC%D8%A7%D9%82-%DA%AF%D8%A7%D8%B2-%D9%85%D8%A8%D9%84%D9%87" "Mozilla/5.0 (Android 8.0.0; Mobile; rv:62.0) Gecko/62.0 Firefox/62.0" "-"
5.115.54.117 - - [22/Jan/2019:04:00:10 +0330] "GET /image/45/brand HTTP/1.1" 200 2628 "https://www.zanbil.ir/m/browse/stove-and-oven/%D8%A7%D8%AC%D8%A7%D9%82-%DA%AF%D8%A7%D8%B2-%D9%85%D8%A8%D9%84%D9%87" "Mozilla/5.0 (Android 8.0.0; Mobile; rv:62.0) Gecko/62.0 Firefox/62.0" "-"
5.115.54.117 - - [22/Jan/2019:04:00:10 +0330] "GET /image/246/brand HTTP/1.1" 200 2103 "https://www.zanbil.ir/m/browse/stove-and-oven/%D8%A7%D8%AC%D8%A7%D9%82-%DA%AF%D8%A7%D8%B2-%D9%85%D8%A8%D9%84%D9%87" "Mozilla/5.0 (Android 8.0.0; Mobile; rv:62.0) Gecko/62.0 Firefox/62.0" "-"
5.115.54.117 - - [22/Jan/2019:04:00:10 +0330] "GET /image/35/brand HTTP/1.1" 200 2264 "https://www.zanbil.ir/m/browse/stove-and-oven/%D8%A7%D8%AC%D8%A7%D9%82-%DA%AF%D8%A7%D8%B2-%D9%85%D8%A8%D9%84%D9%87" "Mozilla/5.0 (Android 8.0.0; Mobile; rv:62.0) Gecko/62.0 Firefox/62.0" "-"
46.229.161.131 - - [22/Jan/2019:04:00:10 +0330] "HEAD /browse/perfume HTTP/1.1" 200 0 "http://www.zanbil.ir/browse/perfume" "SEMrushBot" "-"
46.229.161.131 - - [22/Jan/2019:04:00:11 +0330] "HEAD /browse/baby HTTP/1.1" 200 0 "-" "SEMrushBot" "-"
172.20.2.174 - - [22/Jan/2019:04:00:11 +0330] "GET /site/ping HTTP/1.1" 200 4 "-" "-" "-"
5.115.54.117 - - [22/Jan/2019:04:00:11 +0330] "GET /favicon.ico HTTP/1.1" 200 0 "-" "Mozilla/5.0 (Android 8.0.0; Mobile; rv:62.0.3) Gecko/62.0.3 Firefox/62.0.3" "-"
5.115.54.117 - - [22/Jan/2019:04:00:11 +0330] "GET /image/133/brand HTTP/1.1" 200 2169 "https://www.zanbil.ir/m/browse/stove-and-oven/%D8%A7%D8%AC%D8%A7%D9%82-%DA%AF%D8%A7%D8%B2-%D9%85%D8%A8%D9%84%D9%87" "Mozilla/5.0 (Android 8.0.0; Mobile; rv:62.0) Gecko/62.0 Firefox/62.0" "-"
5.115.54.117 - - [22/Jan/2019:04:00:11 +0330] "GET /image/760/mainSlideMobile HTTP/1.1" 200 64544 "https://www.zanbil.ir/m/browse/stove-and-oven/%D8%A7%D8%AC%D8%A7%D9%82-%DA%AF%D8%A7%D8%B2-%D9%85%D8%A8%D9%84%D9%87" "Mozilla/5.0 (Android 8.0.0; Mobile; rv:62.0) Gecko/62.0 Firefox/62.0" "-"
5.115.54.117 - - [22/Jan/2019:04:00:11 +0330] "GET /image/2/brand HTTP/1.1" 200 4842 "https://www.zanbil.ir/m/browse/stove-and-oven/%D8%A7%D8%AC%D8%A7%D9%82-%DA%AF%D8%A7%D8%B2-%D9%85%D8%A8%D9%84%D9%87" "Mozilla/5.0 (Android 8.0.0; Mobile; rv:62.0) Gecko/62.0 Firefox/62.0" "-"
5.115.54.117 - - [22/Jan/2019:04:00:11 +0330] "GET /image/213/brand HTTP/1.1" 200 2328 "https://www.zanbil.ir/m/browse/stove-and-oven/%D8%A7%D8%AC%D8%A7%D9%82-%DA%AF%D8%A7%D8%B2-%D9%85%D8%A8%D9%84%D9%87" "Mozilla/5.0 (Android 8.0.0; Mobile; rv:62.0) Gecko/62.0 Firefox/62.0" "-"
130.185.74.243 - - [22/Jan/2019:04:00:11 +0330] "GET /filter/stexists,p8391,b243 HTTP/1.1" 200 29984 "-" "Mozilla/5.0 (Windows NT 6.1; rv:42.0) Gecko/20100101 Firefox/42.0" "-"
31.56.96.51 - - [22/Jan/2019:04:00:12 +0330] "GET /m/filter/p62%2Cb113?page=1 HTTP/1.1" 200 18848 "https://www.zanbil.ir/m/filter/p62%2Cb5%2Cb113?page=1" "Mozilla/5.0 (Linux; Android 6.0; ALE-L21 Build/HuaweiALE-L21) AppleWebKit/537.36 (KHTML, like Gecko) Chrome/66.0.3359.158 Mobile Safari/537.36" "-"
5.115.54.117 - - [22/Jan/2019:04:00:12 +0330] "GET /image/30151/productModel/200x200 HTTP/1.1" 200 6989 "https://www.zanbil.ir/m/browse/stove-and-oven/%D8%A7%D8%AC%D8%A7%D9%82-%DA%AF%D8%A7%D8%B2-%D9%85%D8%A8%D9%84%D9%87" "Mozilla/5.0 (Android 8.0.0; Mobile; rv:62.0) Gecko/62.0 Firefox/62.0" "-"
